// Jest Snapshot v1, https://goo.gl/fbAQLP

exports[`<Logo> renders the component 1`] = `
<div>
  <a
    class="flex items-center mt-1 md:mt-0"
    href="/"
  >
    <img
      alt="logo"
      class="h-10 p-1"
      data-nimg="1"
      decoding="async"
      height="47"
      loading="lazy"
      src="/_next/image?url=%2Fassets%2Flogo.png&w=96&q=75"
      srcset="/_next/image?url=%2Fassets%2Flogo.png&w=48&q=75 1x, /_next/image?url=%2Fassets%2Flogo.png&w=96&q=75 2x"
      style="color: transparent;"
      width="45"
    />
    <div
      class="text-xl text-white"
    >
      cubetimer.io
    </div>
  </a>
</div>
`;
